﻿
> vite_react_shadcn_ts@0.0.0 build
> vite build i

[36mvite v5.4.19 [32mbuilding for production...[36m[39m
[32mΓ£ô[39m 0 modules transformed.
node.exe : 
[31mx[39m Build 
failed in 18ms
At line:1 char:1
+ & "C:\Program File
s\nodejs/node.exe" 
"C:\Program Files\no
dejs/node_mo ...
+ ~~~~~~~~~~~~~~~~~~
~~~~~~~~~~~~~~~~~~~~
~~~~~~~~~~~~~~~~~~~~
~~~~~~~~~~~
    + CategoryInfo  
            : NotS  
  pecified: ([31   
 mx[39m Build f    
ailed in 18ms:S    
tring) [], Remo    
teException
    + FullyQualifie 
   dErrorId : Nati  
  veCommandError
 
[31merror during 
build:
[31mCould not 
resolve entry 
module 
"i/index.html".[31m
    at 
getRollupError (file
:///C:/Users/kamal/s
tory-seed-studio%20P
rojects/ss-web-payme
ntgateway/story-seed
-unleashed/node_modu
les/rollup/dist/es/s
hared/parseAst.js:39
5:41)
    at error (file:/
//C:/Users/kamal/sto
ry-seed-studio%20Pro
jects/ss-web-payment
gateway/story-seed-u
nleashed/node_module
s/rollup/dist/es/sha
red/parseAst.js:391:
42)
    at ModuleLoader.
loadEntryModule (fil
e:///C:/Users/kamal/
story-seed-studio%20
Projects/ss-web-paym
entgateway/story-see
d-unleashed/node_mod
ules/rollup/dist/es/
shared/node-entry.js
:20027:20)
    at async 
Promise.all (index 
0)[39m
